ASxxxx Linker V03.00 + NoICE + sdld,  page 1.
Hexadecimal  [32-Bits]

Area                                    Addr        Size        Decimal Bytes (Attributes)
--------------------------------        ----        ----        ------- ----- ------------
.  .ABS.                            00000000    00000000 =           0. bytes (ABS,CON)

      Value  Global                              Global Defined In Module
      -----  --------------------------------   ------------------------
     00000000  .__.ABS.                           _startup
     00000000  l_CABS                          
     00000000  l_GSINIT                        
     00000000  l_GSINIT1                       
     00000000  l_GSINIT5                       
     00000000  l_IABS                          
     00000000  l_INITIALIZED                   
     00000000  l_INITIALIZER                   
     00000000  l_ISEG                          
     00000000  l_PSEG                          
     00000000  l_REG_BANK_1                    
     00000000  l_REG_BANK_2                    
     00000000  l_REG_BANK_3                    
     00000000  l_RSEG                          
     00000000  l_RSEG0                         
     00000000  l_RSEG1                         
     00000000  l_XABS                          
     00000000  l__CODE                         
     00000000  s_.debug_abbrev                 
     00000000  s_.debug_frame                  
     00000000  s_.debug_info                   
     00000000  s_.debug_line                   
     00000000  s_.debug_loc                    
     00000000  s_.debug_pubnames               
     00000000  s_BSEG                          
     00000000  s_CABS                          
     00000000  s_HOME                          
     00000000  s_IABS                          
     00000000  s_REG_BANK_0                    
     00000000  s_RSEG                          
     00000000  s_RSEG0                         
     00000000  s_RSEG1                         
     00000000  s_XABS                          
     00000000  s__CODE                         
     00000001  l_BIT_BANK                      
     00000001  l_BSEG_BYTES                    
     00000001  l_SSEG                          
     00000001  s_PSEG                          
     00000001  s_XSEG                          
     00000003  l_GSFINAL                       
     00000003  l_GSINIT0                       
     00000004  l_BSEG                          
     00000004  l_OSEG                          
     00000008  l_REG_BANK_0                    
     00000008  s_REG_BANK_1                    
     0000000A  l_GSINIT2                       
     0000000B  l_DSEG                          
     00000010  s_REG_BANK_2                    
     00000018  s_REG_BANK_3                    
     00000020  s_BSEG_BYTES                    
ASxxxx Linker V03.00 + NoICE + sdld,  page 2.
Hexadecimal  [32-Bits]

Area                                    Addr        Size        Decimal Bytes (Attributes)
--------------------------------        ----        ----        ------- ----- ------------
.  .ABS.                            00000000    00000000 =           0. bytes (ABS,CON)

      Value  Global                              Global Defined In Module
      -----  --------------------------------   ------------------------
     00000021  s_BIT_BANK                      
     00000022  l_GSINIT3                       
     00000022  s_DSEG                          
     0000002A  l_GSINIT4                       
     0000002D  s_OSEG                          
     00000031  s_SSEG                          
     00000032  s_INITIALIZED                   
     00000032  s_INITIALIZER                   
     00000034  l_CONST                         
     00000036  l_XINIT                         
     00000036  l_XISEG                         
     0000006B  l_XSEG                          
     0000006C  s_XISEG                         
     00000080  G$MOSI$0_0$0                       uart
     00000080  G$P0$0_0$0                         uart
     00000080  G$P00$0_0$0                        uart
     00000080  _MOSI                              uart
     00000080  _P0                                uart
     00000080  _P00                               uart
     00000080  s_ISEG                          
     00000081  G$MISO$0_0$0                       uart
     00000081  G$P01$0_0$0                        uart
     00000081  G$SP$0_0$0                         uart
     00000081  _MISO                              uart
     00000081  _P01                               uart
     00000081  _SP                                uart
     00000081  l_HOME                          
     00000081  s_GSINIT0                       
     00000082  G$DPL$0_0$0                        uart
     00000082  G$P02$0_0$0                        uart
     00000082  G$RXD_1$0_0$0                      uart
     00000082  _DPL                               uart
     00000082  _P02                               uart
     00000082  _RXD_1                             uart
     00000083  G$DPH$0_0$0                        uart
     00000083  G$P03$0_0$0                        uart
     00000083  _DPH                               uart
     00000083  _P03                               uart
     00000084  G$P04$0_0$0                        uart
     00000084  G$RCTRIM0$0_0$0                    uart
     00000084  G$STADC$0_0$0                      uart
     00000084  _P04                               uart
     00000084  _RCTRIM0                           uart
     00000084  _STADC                             uart
     00000084  s_GSINIT1                       
     00000084  s_GSINIT2                       
     00000085  G$P05$0_0$0                        uart
     00000085  G$RCTRIM1$0_0$0                    uart
     00000085  _P05                               uart
     00000085  _RCTRIM1                           uart
     00000086  G$P06$0_0$0                        uart
ASxxxx Linker V03.00 + NoICE + sdld,  page 3.
Hexadecimal  [32-Bits]

Area                                    Addr        Size        Decimal Bytes (Attributes)
--------------------------------        ----        ----        ------- ----- ------------
.  .ABS.                            00000000    00000000 =           0. bytes (ABS,CON)

      Value  Global                              Global Defined In Module
      -----  --------------------------------   ------------------------
     00000086  G$RWK$0_0$0                        uart
     00000086  G$TXD$0_0$0                        uart
     00000086  _P06                               uart
     00000086  _RWK                               uart
     00000086  _TXD                               uart
     00000087  G$P07$0_0$0                        uart
     00000087  G$PCON$0_0$0                       uart
     00000087  G$RXD$0_0$0                        uart
     00000087  _P07                               uart
     00000087  _PCON                              uart
     00000087  _RXD                               uart
     00000088  G$IT0$0_0$0                        uart
     00000088  G$TCON$0_0$0                       uart
     00000088  _IT0                               uart
     00000088  _TCON                              uart
     00000089  G$IE0$0_0$0                        uart
     00000089  G$TMOD$0_0$0                       uart
     00000089  _IE0                               uart
     00000089  _TMOD                              uart
     0000008A  G$IT1$0_0$0                        uart
     0000008A  G$TL0$0_0$0                        uart
     0000008A  _IT1                               uart
     0000008A  _TL0                               uart
     0000008B  G$IE1$0_0$0                        uart
     0000008B  G$TL1$0_0$0                        uart
     0000008B  _IE1                               uart
     0000008B  _TL1                               uart
     0000008C  G$TH0$0_0$0                        uart
     0000008C  G$TR0$0_0$0                        uart
     0000008C  _TH0                               uart
     0000008C  _TR0                               uart
     0000008D  G$TF0$0_0$0                        uart
     0000008D  G$TH1$0_0$0                        uart
     0000008D  _TF0                               uart
     0000008D  _TH1                               uart
     0000008E  G$CKCON$0_0$0                      uart
     0000008E  G$TR1$0_0$0                        uart
     0000008E  _CKCON                             uart
     0000008E  _TR1                               uart
     0000008E  s_GSINIT3                       
     0000008F  G$TF1$0_0$0                        uart
     0000008F  G$WKCON$0_0$0                      uart
     0000008F  _TF1                               uart
     0000008F  _WKCON                             uart
     00000090  G$P1$0_0$0                         uart
     00000090  G$P10$0_0$0                        uart
     00000090  _P1                                uart
     00000090  _P10                               uart
     00000091  G$P11$0_0$0                        uart
     00000091  G$SFRS$0_0$0                       uart
     00000091  _P11                               uart
ASxxxx Linker V03.00 + NoICE + sdld,  page 4.
Hexadecimal  [32-Bits]

Area                                    Addr        Size        Decimal Bytes (Attributes)
--------------------------------        ----        ----        ------- ----- ------------
.  .ABS.                            00000000    00000000 =           0. bytes (ABS,CON)

      Value  Global                              Global Defined In Module
      -----  --------------------------------   ------------------------
     00000091  _SFRS                              uart
     00000092  G$CAPCON0$0_0$0                    uart
     00000092  G$P12$0_0$0                        uart
     00000092  _CAPCON0                           uart
     00000092  _P12                               uart
     00000093  G$CAPCON1$0_0$0                    uart
     00000093  G$P13$0_0$0                        uart
     00000093  G$SCL$0_0$0                        uart
     00000093  _CAPCON1                           uart
     00000093  _P13                               uart
     00000093  _SCL                               uart
     00000094  G$CAPCON2$0_0$0                    uart
     00000094  G$P14$0_0$0                        uart
     00000094  G$SDA$0_0$0                        uart
     00000094  _CAPCON2                           uart
     00000094  _P14                               uart
     00000094  _SDA                               uart
     00000095  G$CKDIV$0_0$0                      uart
     00000095  G$P15$0_0$0                        uart
     00000095  _CKDIV                             uart
     00000095  _P15                               uart
     00000096  G$CKSWT$0_0$0                      uart
     00000096  G$P16$0_0$0                        uart
     00000096  G$TXD_1$0_0$0                      uart
     00000096  _CKSWT                             uart
     00000096  _P16                               uart
     00000096  _TXD_1                             uart
     00000097  G$CKEN$0_0$0                       uart
     00000097  G$P17$0_0$0                        uart
     00000097  _CKEN                              uart
     00000097  _P17                               uart
     00000098  G$RI$0_0$0                         uart
     00000098  G$SCON$0_0$0                       uart
     00000098  _RI                                uart
     00000098  _SCON                              uart
     00000099  G$SBUF$0_0$0                       uart
     00000099  G$TI$0_0$0                         uart
     00000099  _SBUF                              uart
     00000099  _TI                                uart
     0000009A  G$RB8$0_0$0                        uart
     0000009A  G$SBUF_1$0_0$0                     uart
     0000009A  _RB8                               uart
     0000009A  _SBUF_1                            uart
     0000009B  G$EIE$0_0$0                        uart
     0000009B  G$TB8$0_0$0                        uart
     0000009B  _EIE                               uart
     0000009B  _TB8                               uart
     0000009C  G$EIE1$0_0$0                       uart
     0000009C  G$REN$0_0$0                        uart
     0000009C  _EIE1                              uart
     0000009C  _REN                               uart
ASxxxx Linker V03.00 + NoICE + sdld,  page 5.
Hexadecimal  [32-Bits]

Area                                    Addr        Size        Decimal Bytes (Attributes)
--------------------------------        ----        ----        ------- ----- ------------
.  .ABS.                            00000000    00000000 =           0. bytes (ABS,CON)

      Value  Global                              Global Defined In Module
      -----  --------------------------------   ------------------------
     0000009D  G$SM2$0_0$0                        uart
     0000009D  _SM2                               uart
     0000009E  G$SM1$0_0$0                        uart
     0000009E  _SM1                               uart
     0000009F  G$CHPCON$0_0$0                     uart
     0000009F  G$FE$0_0$0                         uart
     0000009F  G$SM0$0_0$0                        uart
     0000009F  _CHPCON                            uart
     0000009F  _FE                                uart
     0000009F  _SM0                               uart
     000000A0  G$P2$0_0$0                         uart
     000000A0  G$P20$0_0$0                        uart
     000000A0  _P2                                uart
     000000A0  _P20                               uart
     000000A0  __XPAGE                            
     000000A2  G$AUXR1$0_0$0                      uart
     000000A2  _AUXR1                             uart
     000000A3  G$BODCON0$0_0$0                    uart
     000000A3  _BODCON0                           uart
     000000A4  G$IAPTRG$0_0$0                     uart
     000000A4  _IAPTRG                            uart
     000000A5  G$IAPUEN$0_0$0                     uart
     000000A5  _IAPUEN                            uart
     000000A6  G$IAPAL$0_0$0                      uart
     000000A6  _IAPAL                             uart
     000000A7  G$IAPAH$0_0$0                      uart
     000000A7  _IAPAH                             uart
     000000A8  G$EX0$0_0$0                        uart
     000000A8  G$IE$0_0$0                         uart
     000000A8  _EX0                               uart
     000000A8  _IE                                uart
     000000A9  G$ET0$0_0$0                        uart
     000000A9  G$SADDR$0_0$0                      uart
     000000A9  _ET0                               uart
     000000A9  _SADDR                             uart
     000000AA  G$EX1$0_0$0                        uart
     000000AA  G$WDCON$0_0$0                      uart
     000000AA  _EX1                               uart
     000000AA  _WDCON                             uart
     000000AB  G$BODCON1$0_0$0                    uart
     000000AB  G$ET1$0_0$0                        uart
     000000AB  _BODCON1                           uart
     000000AB  _ET1                               uart
     000000AC  G$ES$0_0$0                         uart
     000000AC  G$P3M1$0_0$0                       uart
     000000AC  G$P3S$0_0$0                        uart
     000000AC  _ES                                uart
     000000AC  _P3M1                              uart
     000000AC  _P3S                               uart
     000000AD  G$EBOD$0_0$0                       uart
     000000AD  G$P3M2$0_0$0                       uart
ASxxxx Linker V03.00 + NoICE + sdld,  page 6.
Hexadecimal  [32-Bits]

Area                                    Addr        Size        Decimal Bytes (Attributes)
--------------------------------        ----        ----        ------- ----- ------------
.  .ABS.                            00000000    00000000 =           0. bytes (ABS,CON)

      Value  Global                              Global Defined In Module
      -----  --------------------------------   ------------------------
     000000AD  G$P3SR$0_0$0                       uart
     000000AD  _EBOD                              uart
     000000AD  _P3M2                              uart
     000000AD  _P3SR                              uart
     000000AE  G$EADC$0_0$0                       uart
     000000AE  G$IAPFD$0_0$0                      uart
     000000AE  _EADC                              uart
     000000AE  _IAPFD                             uart
     000000AF  G$EA$0_0$0                         uart
     000000AF  G$IAPCN$0_0$0                      uart
     000000AF  _EA                                uart
     000000AF  _IAPCN                             uart
     000000B0  G$P3$0_0$0                         uart
     000000B0  G$P30$0_0$0                        uart
     000000B0  _P3                                uart
     000000B0  _P30                               uart
     000000B0  s_GSINIT4                       
     000000B1  G$P0M1$0_0$0                       uart
     000000B1  G$P0S$0_0$0                        uart
     000000B1  _P0M1                              uart
     000000B1  _P0S                               uart
     000000B2  G$P0M2$0_0$0                       uart
     000000B2  G$P0SR$0_0$0                       uart
     000000B2  _P0M2                              uart
     000000B2  _P0SR                              uart
     000000B3  G$P1M1$0_0$0                       uart
     000000B3  G$P1S$0_0$0                        uart
     000000B3  _P1M1                              uart
     000000B3  _P1S                               uart
     000000B4  G$P1M2$0_0$0                       uart
     000000B4  G$P1SR$0_0$0                       uart
     000000B4  _P1M2                              uart
     000000B4  _P1SR                              uart
     000000B5  G$P2S$0_0$0                        uart
     000000B5  _P2S                               uart
     000000B7  G$IPH$0_0$0                        uart
     000000B7  G$PWMINTC$0_0$0                    uart
     000000B7  _IPH                               uart
     000000B7  _PWMINTC                           uart
     000000B8  G$IP$0_0$0                         uart
     000000B8  G$PX0$0_0$0                        uart
     000000B8  _IP                                uart
     000000B8  _PX0                               uart
     000000B9  G$PT0$0_0$0                        uart
     000000B9  G$SADEN$0_0$0                      uart
     000000B9  _PT0                               uart
     000000B9  _SADEN                             uart
     000000BA  G$PX1$0_0$0                        uart
     000000BA  G$SADEN_1$0_0$0                    uart
     000000BA  _PX1                               uart
     000000BA  _SADEN_1                           uart
ASxxxx Linker V03.00 + NoICE + sdld,  page 7.
Hexadecimal  [32-Bits]

Area                                    Addr        Size        Decimal Bytes (Attributes)
--------------------------------        ----        ----        ------- ----- ------------
.  .ABS.                            00000000    00000000 =           0. bytes (ABS,CON)

      Value  Global                              Global Defined In Module
      -----  --------------------------------   ------------------------
     000000BB  G$PT1$0_0$0                        uart
     000000BB  G$SADDR_1$0_0$0                    uart
     000000BB  _PT1                               uart
     000000BB  _SADDR_1                           uart
     000000BC  G$I2DAT$0_0$0                      uart
     000000BC  G$PS$0_0$0                         uart
     000000BC  _I2DAT                             uart
     000000BC  _PS                                uart
     000000BD  G$I2STAT$0_0$0                     uart
     000000BD  G$PBOD$0_0$0                       uart
     000000BD  _I2STAT                            uart
     000000BD  _PBOD                              uart
     000000BE  G$I2CLK$0_0$0                      uart
     000000BE  G$PADC$0_0$0                       uart
     000000BE  _I2CLK                             uart
     000000BE  _PADC                              uart
     000000BF  G$I2TOC$0_0$0                      uart
     000000BF  _I2TOC                             uart
     000000C0  G$I2CON$0_0$0                      uart
     000000C0  G$I2CPX$0_0$0                      uart
     000000C0  _I2CON                             uart
     000000C0  _I2CPX                             uart
     000000C1  G$I2ADDR$0_0$0                     uart
     000000C1  _I2ADDR                            uart
     000000C2  G$AA$0_0$0                         uart
     000000C2  G$ADCRL$0_0$0                      uart
     000000C2  _AA                                uart
     000000C2  _ADCRL                             uart
     000000C3  G$ADCRH$0_0$0                      uart
     000000C3  G$SI$0_0$0                         uart
     000000C3  _ADCRH                             uart
     000000C3  _SI                                uart
     000000C4  G$PWM4H$0_0$0                      uart
     000000C4  G$STO$0_0$0                        uart
     000000C4  G$T3CON$0_0$0                      uart
     000000C4  _PWM4H                             uart
     000000C4  _STO                               uart
     000000C4  _T3CON                             uart
     000000C5  G$PWM5H$0_0$0                      uart
     000000C5  G$RL3$0_0$0                        uart
     000000C5  G$STA$0_0$0                        uart
     000000C5  _PWM5H                             uart
     000000C5  _RL3                               uart
     000000C5  _STA                               uart
     000000C6  G$I2CEN$0_0$0                      uart
     000000C6  G$PIOCON1$0_0$0                    uart
     000000C6  G$RH3$0_0$0                        uart
     000000C6  _I2CEN                             uart
     000000C6  _PIOCON1                           uart
     000000C6  _RH3                               uart
     000000C7  G$TA$0_0$0                         uart
ASxxxx Linker V03.00 + NoICE + sdld,  page 8.
Hexadecimal  [32-Bits]

Area                                    Addr        Size        Decimal Bytes (Attributes)
--------------------------------        ----        ----        ------- ----- ------------
.  .ABS.                            00000000    00000000 =           0. bytes (ABS,CON)

      Value  Global                              Global Defined In Module
      -----  --------------------------------   ------------------------
     000000C7  _TA                                uart
     000000C8  G$CM_RL2$0_0$0                     uart
     000000C8  G$T2CON$0_0$0                      uart
     000000C8  _CM_RL2                            uart
     000000C8  _T2CON                             uart
     000000C9  G$T2MOD$0_0$0                      uart
     000000C9  _T2MOD                             uart
     000000CA  G$RCMP2L$0_0$0                     uart
     000000CA  G$TR2$0_0$0                        uart
     000000CA  _RCMP2L                            uart
     000000CA  _TR2                               uart
     000000CB  G$RCMP2H$0_0$0                     uart
     000000CB  _RCMP2H                            uart
     000000CC  G$PWM4L$0_0$0                      uart
     000000CC  G$TL2$0_0$0                        uart
     000000CC  _PWM4L                             uart
     000000CC  _TL2                               uart
     000000CD  G$PWM5L$0_0$0                      uart
     000000CD  G$TH2$0_0$0                        uart
     000000CD  _PWM5L                             uart
     000000CD  _TH2                               uart
     000000CE  G$ADCMPL$0_0$0                     uart
     000000CE  _ADCMPL                            uart
     000000CF  G$ADCMPH$0_0$0                     uart
     000000CF  G$TF2$0_0$0                        uart
     000000CF  _ADCMPH                            uart
     000000CF  _TF2                               uart
     000000D0  G$P$0_0$0                          uart
     000000D0  G$PSW$0_0$0                        uart
     000000D0  _P                                 uart
     000000D0  _PSW                               uart
     000000D1  G$PWMPH$0_0$0                      uart
     000000D1  _PWMPH                             uart
     000000D2  G$OV$0_0$0                         uart
     000000D2  G$PWM0H$0_0$0                      uart
     000000D2  _OV                                uart
     000000D2  _PWM0H                             uart
     000000D3  G$PWM1H$0_0$0                      uart
     000000D3  G$RS0$0_0$0                        uart
     000000D3  _PWM1H                             uart
     000000D3  _RS0                               uart
     000000D4  G$PWM2H$0_0$0                      uart
     000000D4  G$RS1$0_0$0                        uart
     000000D4  _PWM2H                             uart
     000000D4  _RS1                               uart
     000000D5  G$F0$0_0$0                         uart
     000000D5  G$PWM3H$0_0$0                      uart
     000000D5  _F0                                uart
     000000D5  _PWM3H                             uart
     000000D6  G$AC$0_0$0                         uart
     000000D6  G$PNP$0_0$0                        uart
ASxxxx Linker V03.00 + NoICE + sdld,  page 9.
Hexadecimal  [32-Bits]

Area                                    Addr        Size        Decimal Bytes (Attributes)
--------------------------------        ----        ----        ------- ----- ------------
.  .ABS.                            00000000    00000000 =           0. bytes (ABS,CON)

      Value  Global                              Global Defined In Module
      -----  --------------------------------   ------------------------
     000000D6  _AC                                uart
     000000D6  _PNP                               uart
     000000D7  G$CY$0_0$0                         uart
     000000D7  G$FBD$0_0$0                        uart
     000000D7  _CY                                uart
     000000D7  _FBD                               uart
     000000D8  G$PWMCON0$0_0$0                    uart
     000000D8  _PWMCON0                           uart
     000000D9  G$PWMPL$0_0$0                      uart
     000000D9  _PWMPL                             uart
     000000DA  G$PWM0L$0_0$0                      uart
     000000DA  _PWM0L                             uart
     000000DA  s_GSFINAL                       
     000000DA  s_GSINIT                        
     000000DA  s_GSINIT5                       
     000000DB  G$PWM1L$0_0$0                      uart
     000000DB  _PWM1L                             uart
     000000DC  G$CLRPWM$0_0$0                     uart
     000000DC  G$PWM2L$0_0$0                      uart
     000000DC  _CLRPWM                            uart
     000000DC  _PWM2L                             uart
     000000DD  G$PWM3L$0_0$0                      uart
     000000DD  G$PWMF$0_0$0                       uart
     000000DD  _PWM3L                             uart
     000000DD  _PWMF                              uart
     000000DD  s_CSEG                          
     000000DE  G$LOAD$0_0$0                       uart
     000000DE  G$PIOCON0$0_0$0                    uart
     000000DE  _LOAD                              uart
     000000DE  _PIOCON0                           uart
     000000DF  G$PWMCON1$0_0$0                    uart
     000000DF  G$PWMRUN$0_0$0                     uart
     000000DF  _PWMCON1                           uart
     000000DF  _PWMRUN                            uart
     000000E0  G$ACC$0_0$0                        uart
     000000E0  _ACC                               uart
     000000E1  G$ADCCON1$0_0$0                    uart
     000000E1  _ADCCON1                           uart
     000000E2  G$ADCCON2$0_0$0                    uart
     000000E2  _ADCCON2                           uart
     000000E3  G$ADCDLY$0_0$0                     uart
     000000E3  _ADCDLY                            uart
     000000E4  G$C0L$0_0$0                        uart
     000000E4  _C0L                               uart
     000000E5  G$C0H$0_0$0                        uart
     000000E5  _C0H                               uart
     000000E6  G$C1L$0_0$0                        uart
     000000E6  _C1L                               uart
     000000E7  G$C1H$0_0$0                        uart
     000000E7  _C1H                               uart
     000000E8  G$ADCCON0$0_0$0                    uart
ASxxxx Linker V03.00 + NoICE + sdld,  page 10.
Hexadecimal  [32-Bits]

Area                                    Addr        Size        Decimal Bytes (Attributes)
--------------------------------        ----        ----        ------- ----- ------------
.  .ABS.                            00000000    00000000 =           0. bytes (ABS,CON)

      Value  Global                              Global Defined In Module
      -----  --------------------------------   ------------------------
     000000E8  G$ADCHS0$0_0$0                     uart
     000000E8  _ADCCON0                           uart
     000000E8  _ADCHS0                            uart
     000000E9  G$ADCHS1$0_0$0                     uart
     000000E9  G$PICON$0_0$0                      uart
     000000E9  _ADCHS1                            uart
     000000E9  _PICON                             uart
     000000EA  G$ADCHS2$0_0$0                     uart
     000000EA  G$PINEN$0_0$0                      uart
     000000EA  _ADCHS2                            uart
     000000EA  _PINEN                             uart
     000000EB  G$ADCHS3$0_0$0                     uart
     000000EB  G$PIPEN$0_0$0                      uart
     000000EB  _ADCHS3                            uart
     000000EB  _PIPEN                             uart
     000000EC  G$ETGSEL0$0_0$0                    uart
     000000EC  G$PIF$0_0$0                        uart
     000000EC  _ETGSEL0                           uart
     000000EC  _PIF                               uart
     000000ED  G$C2L$0_0$0                        uart
     000000ED  G$ETGSEL1$0_0$0                    uart
     000000ED  _C2L                               uart
     000000ED  _ETGSEL1                           uart
     000000EE  G$ADCS$0_0$0                       uart
     000000EE  G$C2H$0_0$0                        uart
     000000EE  _ADCS                              uart
     000000EE  _C2H                               uart
     000000EF  G$ADCF$0_0$0                       uart
     000000EF  G$EIP$0_0$0                        uart
     000000EF  _ADCF                              uart
     000000EF  _EIP                               uart
     000000F0  G$B$0_0$0                          uart
     000000F0  _B                                 uart
     000000F1  G$CAPCON3$0_0$0                    uart
     000000F1  _CAPCON3                           uart
     000000F2  G$CAPCON4$0_0$0                    uart
     000000F2  _CAPCON4                           uart
     000000F3  G$SPCR$0_0$0                       uart
     000000F3  G$SPCR2$0_0$0                      uart
     000000F3  _SPCR                              uart
     000000F3  _SPCR2                             uart
     000000F4  G$SPSR$0_0$0                       uart
     000000F4  _SPSR                              uart
     000000F5  G$SPDR$0_0$0                       uart
     000000F5  _SPDR                              uart
     000000F6  G$AINDIDS$0_0$0                    uart
     000000F6  _AINDIDS                           uart
     000000F7  G$EIPH$0_0$0                       uart
     000000F7  _EIPH                              uart
     000000F8  G$RI_1$0_0$0                       uart
     000000F8  G$SCON_1$0_0$0                     uart
ASxxxx Linker V03.00 + NoICE + sdld,  page 11.
Hexadecimal  [32-Bits]

Area                                    Addr        Size        Decimal Bytes (Attributes)
--------------------------------        ----        ----        ------- ----- ------------
.  .ABS.                            00000000    00000000 =           0. bytes (ABS,CON)

      Value  Global                              Global Defined In Module
      -----  --------------------------------   ------------------------
     000000F8  _RI_1                              uart
     000000F8  _SCON_1                            uart
     000000F9  G$PDTEN$0_0$0                      uart
     000000F9  G$TI_1$0_0$0                       uart
     000000F9  _PDTEN                             uart
     000000F9  _TI_1                              uart
     000000FA  G$PDTCNT$0_0$0                     uart
     000000FA  G$RB8_1$0_0$0                      uart
     000000FA  _PDTCNT                            uart
     000000FA  _RB8_1                             uart
     000000FB  G$PMEN$0_0$0                       uart
     000000FB  G$TB8_1$0_0$0                      uart
     000000FB  _PMEN                              uart
     000000FB  _TB8_1                             uart
     000000FC  G$PMD$0_0$0                        uart
     000000FC  G$REN_1$0_0$0                      uart
     000000FC  _PMD                               uart
     000000FC  _REN_1                             uart
     000000FD  G$SM2_1$0_0$0                      uart
     000000FD  _SM2_1                             uart
     000000FE  G$EIP1$0_0$0                       uart
     000000FE  G$SM1_1$0_0$0                      uart
     000000FE  _EIP1                              uart
     000000FE  _SM1_1                             uart
     000000FF  G$EIPH1$0_0$0                      uart
     000000FF  G$FE_1$0_0$0                       uart
     000000FF  G$SM0_1$0_0$0                      uart
     000000FF  _EIPH1                             uart
     000000FF  _FE_1                              uart
     000000FF  _SM0_1                             uart
     00000100  l_IRAM                          
     000002EB  l_.debug_abbrev                 
     000003AC  l_.debug_loc                    
     00000814  l_.debug_frame                  
     000013E5  l_.debug_line                   
     00001CFC  l_CSEG                          
     00001DD9  s_CONST                         
     00001E0D  s_XINIT                         
     00002F82  l_.debug_pubnames               
     00006650  l_.debug_info                   
ASxxxx Linker V03.00 + NoICE + sdld,  page 12.
Hexadecimal  [32-Bits]

Area                                    Addr        Size        Decimal Bytes (Attributes)
--------------------------------        ----        ----        ------- ----- ------------
REG_BANK_0                          00000000    00000008 =           8. bytes (REL,OVR)

      Value  Global                              Global Defined In Module
      -----  --------------------------------   ------------------------
ASxxxx Linker V03.00 + NoICE + sdld,  page 13.
Hexadecimal  [32-Bits]

Area                                    Addr        Size        Decimal Bytes (Attributes)
--------------------------------        ----        ----        ------- ----- ------------
BSEG_BYTES                          00000020    00000001 =           1. bytes (REL,CON)

      Value  Global                              Global Defined In Module
      -----  --------------------------------   ------------------------
ASxxxx Linker V03.00 + NoICE + sdld,  page 14.
Hexadecimal  [32-Bits]

Area                                    Addr        Size        Decimal Bytes (Attributes)
--------------------------------        ----        ----        ------- ----- ------------
BIT_BANK                            00000021    00000001 =           1. bytes (REL,OVR)

      Value  Global                              Global Defined In Module
      -----  --------------------------------   ------------------------
ASxxxx Linker V03.00 + NoICE + sdld,  page 15.
Hexadecimal  [32-Bits]

Area                                    Addr        Size        Decimal Bytes (Attributes)
--------------------------------        ----        ----        ------- ----- ------------
DSEG                                00000022    0000000B =          11. bytes (REL,CON)

      Value  Global                              Global Defined In Module
      -----  --------------------------------   ------------------------
     00000022  Lmain.uart_logn$sloc0$0_1$0        main
     00000026  Lmain.control_loop$sloc0$0_1$0     main
     0000002A  G$TA_REG_TMP$0_0$0                 common
     0000002A  _TA_REG_TMP                        common
     0000002B  G$BYTE_TMP$0_0$0                   common
     0000002B  _BYTE_TMP                          common
     0000002C  G$SFRS_TMP$0_0$0                   common
     0000002C  _SFRS_TMP                          common

ASxxxx Linker V03.00 + NoICE + sdld,  page 16.
Hexadecimal  [32-Bits]

Area                                    Addr        Size        Decimal Bytes (Attributes)
--------------------------------        ----        ----        ------- ----- ------------
OSEG                                0000002D    00000004 =           4. bytes (REL,OVR)

      Value  Global                              Global Defined In Module
      -----  --------------------------------   ------------------------
ASxxxx Linker V03.00 + NoICE + sdld,  page 17.
Hexadecimal  [32-Bits]

Area                                    Addr        Size        Decimal Bytes (Attributes)
--------------------------------        ----        ----        ------- ----- ------------
SSEG                                00000031    00000001 =           1. bytes (REL,OVR)

      Value  Global                              Global Defined In Module
      -----  --------------------------------   ------------------------
     00000031  __start__stack                     main

ASxxxx Linker V03.00 + NoICE + sdld,  page 18.
Hexadecimal  [32-Bits]

Area                                    Addr        Size        Decimal Bytes (Attributes)
--------------------------------        ----        ----        ------- ----- ------------
XSEG                                00000001    0000006B =         107. bytes (REL,CON,XDATA)

      Value  Global                              Global Defined In Module
      -----  --------------------------------   ------------------------
D:   00000001  Lmain.Timer0_Delay$u16CNT$1_0$14   main
D:   00000001  _Timer0_Delay_PARM_2               main
D:   00000003  Lmain.Timer0_Delay$u16DLYUnit$1_   main
D:   00000003  _Timer0_Delay_PARM_3               main
D:   00000005  Lmain.Timer0_Delay$u32SYSCLK$1_0   main
D:   00000009  Lmain.uart_log$c$1_0$148           main
D:   0000000A  Lmain.uart_logn$n$1_0$150          main
D:   0000000E  Lmain.uart_logn$e$1_1$153          main
D:   00000012  G$uart1_rx_buffer$0_0$0            main
D:   00000012  _uart1_rx_buffer                   main
D:   00000022  Lmain.has_high_beam$mode$1_0$186   main
D:   00000023  Lmain.avg_amp$idx$1_0$188          main
D:   00000024  Lmain.target_amp$idx$1_0$192       main
D:   00000024  _target_amp_PARM_2                 main
D:   00000025  Lmain.target_amp$mode$1_0$192      main
D:   00000026  Lmain.changeMode$new_mode$1_0$19   main
D:   00000027  Lmain.process_uart$ch$2_0$216      main
D:   00000028  Lmain.mode_changing_control$ligh   main
D:   00000029  Lmain.mode_stable_control$light_   main
D:   0000002A  Lmain.control_loop$light_changin   main
D:   0000002B  Lcommon.Read_APROM_BYTE$u16_addr   common
D:   0000002D  Lcommon.Software_Reset$u8Bootare   common
D:   0000002E  Lcommon.PowerDown_Mode$PDStatus$   common
D:   0000002F  Lcommon.Idle_Mode$IdleStatus$1_0   common
D:   00000030  Lcommon.Global_Interrupt$u8IntSt   common
D:   00000031  Lsdcc_stdio.putchar$c$1_0$145      sdcc_stdio
D:   00000033  Lsdcc_stdio.getchar$c$1_0$148      sdcc_stdio
D:   00000034  Lsys.MODIFY_HIRC$u8HIRCSEL$1_0$1   sys
D:   00000035  Lsys.MODIFY_HIRC$trimvalue16bit$   sys
D:   00000036  Lsys.FsysSelect$u8FsysMode$1_0$1   sys
D:   00000037  Lsys.ClockEnable$u8FsysMode$1_0$   sys
D:   00000038  Lsys.ClockDisable$u8FsysMode$1_0   sys
D:   00000039  Lsys.ClockSwitch$u8FsysMode$1_0$   sys
D:   0000003A  G$uart0_receive_data$0_0$0         uart
D:   0000003A  _uart0_receive_data                uart
D:   0000003B  G$uart1_receive_data$0_0$0         uart
D:   0000003B  _uart1_receive_data                uart
D:   0000003C  Luart.UART_Open$u8UARTPort$1_0$1   uart
D:   0000003C  _UART_Open_PARM_2                  uart
D:   0000003D  Luart.UART_Open$u32Baudrate$1_0$   uart
D:   0000003D  _UART_Open_PARM_3                  uart
D:   00000041  Luart.UART_Open$u32SysClock$1_0$   uart
D:   00000045  Luart.Receive_Data$UARTPort$1_0$   uart
D:   00000046  Luart.Receive_Data$c$1_0$149       uart
D:   00000047  Luart.UART_Send_Data$c$1_0$151     uart
D:   00000047  _UART_Send_Data_PARM_2             uart
D:   00000048  Luart.UART_Send_Data$UARTPort$1_   uart
D:   00000049  __modulong_PARM_2                  _modulong
D:   00000052  __divulong_PARM_2                  _divulong
D:   0000005F  __mullong_PARM_2                   _mullong
ASxxxx Linker V03.00 + NoICE + sdld,  page 19.
Hexadecimal  [32-Bits]

Area                                    Addr        Size        Decimal Bytes (Attributes)
--------------------------------        ----        ----        ------- ----- ------------
XSEG                                00000001    0000006B =         107. bytes (REL,CON,XDATA)

      Value  Global                              Global Defined In Module
      -----  --------------------------------   ------------------------
D:   00000063  __modsint_PARM_2                   _modsint
D:   00000067  __moduint_PARM_2                   _moduint

ASxxxx Linker V03.00 + NoICE + sdld,  page 20.
Hexadecimal  [32-Bits]

Area                                    Addr        Size        Decimal Bytes (Attributes)
--------------------------------        ----        ----        ------- ----- ------------
XISEG                               0000006C    00000036 =          54. bytes (REL,CON,XDATA)

      Value  Global                              Global Defined In Module
      -----  --------------------------------   ------------------------
D:   0000006C  G$light_mode$0_0$0                 main
D:   0000006C  _light_mode                        main
D:   0000006D  G$is_uart_mode$0_0$0               main
D:   0000006D  _is_uart_mode                      main
D:   0000006E  G$flashing_on$0_0$0                main
D:   0000006E  _flashing_on                       main
D:   0000006F  G$flashing_count$0_0$0             main
D:   0000006F  _flashing_count                    main
D:   00000071  G$pwm$0_0$0                        main
D:   00000071  _pwm                               main
D:   00000075  G$light_control_mode$0_0$0         main
D:   00000075  _light_control_mode                main
D:   00000077  G$sample_count$0_0$0               main
D:   00000077  _sample_count                      main
D:   00000078  G$acc_amp$0_0$0                    main
D:   00000078  _acc_amp                           main
D:   00000080  G$acc_temp$0_0$0                   main
D:   00000080  _acc_temp                          main
D:   00000084  G$cur_amp$0_0$0                    main
D:   00000084  _cur_amp                           main
D:   00000088  G$cur_temp$0_0$0                   main
D:   00000088  _cur_temp                          main
D:   0000008A  G$good_amp_count$0_0$0             main
D:   0000008A  _good_amp_count                    main
D:   0000008C  G$uart1_next_idx$0_0$0             main
D:   0000008C  _uart1_next_idx                    main
D:   0000008D  G$uart1_read_idx$0_0$0             main
D:   0000008D  _uart1_read_idx                    main
D:   0000008E  G$uart_flag$0_0$0                  main
D:   0000008E  _uart_flag                         main
D:   0000008F  G$button_pressed$0_0$0             main
D:   0000008F  _button_pressed                    main
D:   00000093  G$button_unpressed$0_0$0           main
D:   00000093  _button_unpressed                  main
D:   00000097  G$uart_counter$0_0$0               main
D:   00000097  _uart_counter                      main
D:   0000009B  G$uart_rx_state$0_0$0              main
D:   0000009B  _uart_rx_state                     main
D:   0000009C  G$lamp_state$0_0$0                 main
D:   0000009C  _lamp_state                        main
D:   0000009D  G$log_counter$0_0$0                main
D:   0000009D  _log_counter                       main
D:   000000A1  G$wdt_flag$0_0$0                   main
D:   000000A1  _wdt_flag                          main

ASxxxx Linker V03.00 + NoICE + sdld,  page 21.
Hexadecimal  [32-Bits]

Area                                    Addr        Size        Decimal Bytes (Attributes)
--------------------------------        ----        ----        ------- ----- ------------
HOME                                00000000    00000081 =         129. bytes (REL,CON,CODE)

      Value  Global                              Global Defined In Module
      -----  --------------------------------   ------------------------
C:   00000000  A$main$982                         main
C:   00000003  A$main$983                         main
C:   0000000B  A$main$985                         main
C:   00000013  A$main$987                         main
C:   0000001B  A$main$989                         main
C:   00000023  A$main$991                         main
C:   0000002B  A$main$993                         main
C:   00000033  A$main$995                         main
C:   0000003B  A$main$997                         main
C:   00000043  A$main$999                         main
C:   0000004B  A$main$1001                        main
C:   00000053  A$main$1003                        main
C:   0000005B  A$main$1005                        main
C:   00000063  A$main$1007                        main
C:   0000006B  A$main$1009                        main
C:   00000073  A$main$1011                        main
C:   0000007B  A$main$1013                        main
C:   0000007E  A$main$1035                        main
C:   0000007E  __sdcc_program_startup             main

ASxxxx Linker V03.00 + NoICE + sdld,  page 22.
Hexadecimal  [32-Bits]

Area                                    Addr        Size        Decimal Bytes (Attributes)
--------------------------------        ----        ----        ------- ----- ------------
GSINIT0                             00000081    00000003 =           3. bytes (REL,CON,CODE)

      Value  Global                              Global Defined In Module
      -----  --------------------------------   ------------------------
C:   00000081  __sdcc_gsinit_startup              

ASxxxx Linker V03.00 + NoICE + sdld,  page 23.
Hexadecimal  [32-Bits]

Area                                    Addr        Size        Decimal Bytes (Attributes)
--------------------------------        ----        ----        ------- ----- ------------
GSINIT2                             00000084    0000000A =          10. bytes (REL,CON,CODE)

      Value  Global                              Global Defined In Module
      -----  --------------------------------   ------------------------
ASxxxx Linker V03.00 + NoICE + sdld,  page 24.
Hexadecimal  [32-Bits]

Area                                    Addr        Size        Decimal Bytes (Attributes)
--------------------------------        ----        ----        ------- ----- ------------
GSINIT3                             0000008E    00000022 =          34. bytes (REL,CON,CODE)

      Value  Global                              Global Defined In Module
      -----  --------------------------------   ------------------------
C:   0000008E  __mcs51_genXINIT                   

ASxxxx Linker V03.00 + NoICE + sdld,  page 25.
Hexadecimal  [32-Bits]

Area                                    Addr        Size        Decimal Bytes (Attributes)
--------------------------------        ----        ----        ------- ----- ------------
GSINIT4                             000000B0    0000002A =          42. bytes (REL,CON,CODE)

      Value  Global                              Global Defined In Module
      -----  --------------------------------   ------------------------
C:   000000B0  __mcs51_genRAMCLEAR                
C:   000000B6  __mcs51_genXRAMCLEAR               

ASxxxx Linker V03.00 + NoICE + sdld,  page 26.
Hexadecimal  [32-Bits]

Area                                    Addr        Size        Decimal Bytes (Attributes)
--------------------------------        ----        ----        ------- ----- ------------
GSFINAL                             000000DA    00000003 =           3. bytes (REL,CON,CODE)

      Value  Global                              Global Defined In Module
      -----  --------------------------------   ------------------------
C:   000000DA  A$main$1028                        main

ASxxxx Linker V03.00 + NoICE + sdld,  page 27.
Hexadecimal  [32-Bits]

Area                                    Addr        Size        Decimal Bytes (Attributes)
--------------------------------        ----        ----        ------- ----- ------------
CSEG                                000000DD    00001CFC =        7420. bytes (REL,CON,CODE)

      Value  Global                              Global Defined In Module
      -----  --------------------------------   ------------------------
C:   000000DD  A$main$1065                        main
C:   000000DD  Smain$Timer0_Delay$0               main
C:   000000DD  Smain$Timer0_Delay$1               main
C:   000000DD  _Timer0_Delay                      main
C:   000000DF  A$main$1066                        main
C:   000000E1  A$main$1067                        main
C:   000000E3  A$main$1068                        main
C:   000000E4  A$main$1069                        main
C:   000000E7  A$main$1070                        main
C:   000000E8  A$main$1071                        main
C:   000000E9  A$main$1072                        main
C:   000000EA  A$main$1073                        main
C:   000000EB  A$main$1074                        main
C:   000000EC  A$main$1075                        main
C:   000000ED  A$main$1076                        main
C:   000000EE  A$main$1077                        main
C:   000000EF  A$main$1078                        main
C:   000000F0  A$main$1079                        main
C:   000000F1  A$main$1080                        main
C:   000000F2  A$main$1083                        main
C:   000000F2  Smain$Timer0_Delay$2               main
C:   000000F5  A$main$1086                        main
C:   000000F5  Smain$Timer0_Delay$3               main
C:   000000F8  A$main$1087                        main
C:   000000FB  A$main$1090                        main
C:   000000FB  Smain$Timer0_Delay$4               main
C:   000000FE  A$main$1091                        main
C:   000000FF  A$main$1092                        main
C:   00000100  A$main$1093                        main
C:   00000101  A$main$1094                        main
C:   00000102  A$main$1095                        main
C:   00000103  A$main$1096                        main
C:   00000104  A$main$1097                        main
C:   00000105  A$main$1098                        main
C:   00000106  A$main$1099                        main
C:   00000107  A$main$1100                        main
C:   00000108  A$main$1101                        main
C:   00000109  A$main$1102                        main
C:   0000010C  A$main$1103                        main
C:   0000010E  A$main$1104                        main
C:   0000010F  A$main$1105                        main
C:   00000111  A$main$1106                        main
C:   00000112  A$main$1107                        main
C:   00000113  A$main$1108                        main
C:   00000115  A$main$1109                        main
C:   00000116  A$main$1110                        main
C:   00000117  A$main$1111                        main
C:   00000118  A$main$1112                        main
C:   00000119  A$main$1113                        main
C:   0000011A  A$main$1114                        main
ASxxxx Linker V03.00 + NoICE + sdld,  page 28.
Hexadecimal  [32-Bits]

Area                                    Addr        Size        Decimal Bytes (Attributes)
--------------------------------        ----        ----        ------- ----- ------------
CSEG                                000000DD    00001CFC =        7420. bytes (REL,CON,CODE)

      Value  Global                              Global Defined In Module
      -----  --------------------------------   ------------------------
C:   0000011C  A$main$1115                        main
C:   0000011E  A$main$1116                        main
C:   00000120  A$main$1117                        main
C:   00000121  A$main$1118                        main
C:   00000124  A$main$1119                        main
C:   00000126  A$main$1120                        main
C:   00000128  A$main$1121                        main
C:   0000012A  A$main$1122                        main
C:   0000012B  A$main$1123                        main
C:   0000012E  A$main$1124                        main
C:   0000012F  A$main$1125                        main
C:   00000130  A$main$1126                        main
C:   00000131  A$main$1127                        main
C:   00000132  A$main$1128                        main
C:   00000133  A$main$1129                        main
C:   00000136  A$main$1130                        main
C:   00000137  A$main$1131                        main
C:   00000138  A$main$1132                        main
C:   00000139  A$main$1133                        main
C:   0000013A  A$main$1134                        main
C:   0000013B  A$main$1135                        main
C:   0000013C  A$main$1136                        main
C:   0000013D  A$main$1137                        main
C:   0000013E  A$main$1138                        main
C:   0000013F  A$main$1139                        main
C:   00000140  A$main$1140                        main
C:   00000142  A$main$1141                        main
C:   00000144  A$main$1142                        main
C:   00000146  A$main$1143                        main
C:   00000147  A$main$1144                        main
C:   0000014A  A$main$1145                        main
C:   0000014C  A$main$1146                        main
C:   0000014E  A$main$1147                        main
C:   00000150  A$main$1148                        main
C:   00000151  A$main$1149                        main
C:   00000154  A$main$1150                        main
C:   00000156  A$main$1151                        main
C:   00000157  A$main$1152                        main
C:   00000158  A$main$1153                        main
C:   00000159  A$main$1154                        main
C:   0000015A  A$main$1155                        main
C:   0000015B  A$main$1156                        main
C:   0000015C  A$main$1157                        main
C:   0000015D  A$main$1158                        main
C:   0000015E  A$main$1159                        main
C:   00000160  A$main$1160                        main
C:   00000162  A$main$1161                        main
C:   00000164  A$main$1162                        main
C:   00000165  A$main$1163                        main
C:   00000168  A$main$1164                        main
C:   0000016A  A$main$1165                        main
ASxxxx Linker V03.00 + NoICE + sdld,  page 29.
Hexadecimal  [32-Bits]

Area                                    Addr        Size        Decimal Bytes (Attributes)
--------------------------------        ----        ----        ------- ----- ------------
CSEG                                000000DD    00001CFC =        7420. bytes (REL,CON,CODE)

      Value  Global                              Global Defined In Module
      -----  --------------------------------   ------------------------
C:   0000016C  A$main$1166                        main
C:   0000016E  A$main$1167                        main
C:   0000016F  A$main$1168                        main
C:   00000171  A$main$1169                        main
C:   00000173  A$main$1170                        main
C:   00000174  A$main$1171                        main
C:   00000175  A$main$1172                        main
C:   00000176  A$main$1175                        main
C:   00000176  Smain$Timer0_Delay$5               main
C:   00000178  A$main$1176                        main
C:   00000179  A$main$1177                        main
C:   0000017A  A$main$1178                        main
C:   0000017C  A$main$1179                        main
C:   0000017D  A$main$1180                        main
C:   0000017E  A$main$1181                        main
C:   0000017F  A$main$1182                        main
C:   00000180  A$main$1183                        main
C:   00000181  A$main$1184                        main
C:   00000182  A$main$1185                        main
C:   00000184  A$main$1188                        main
C:   00000184  Smain$Timer0_Delay$6               main
C:   00000187  A$main$1189                        main
C:   00000188  A$main$1190                        main
C:   00000189  A$main$1191                        main
C:   0000018A  A$main$1192                        main
C:   0000018B  A$main$1193                        main
C:   0000018C  A$main$1195                        main
C:   0000018D  A$main$1196                        main
C:   0000018E  A$main$1197                        main
C:   00000190  A$main$1201                        main
C:   00000190  Smain$Timer0_Delay$7               main
C:   00000190  Smain$Timer0_Delay$8               main
C:   00000192  A$main$1204                        main
C:   00000192  Smain$Timer0_Delay$9               main
C:   00000194  A$main$1208                        main
C:   00000194  Smain$Timer0_Delay$10              main
C:   00000196  A$main$1215                        main
C:   00000196  Smain$Timer0_Delay$11              main
C:   00000196  Smain$Timer0_Delay$12              main
C:   00000199  A$main$1216                        main
C:   0000019B  A$main$1221                        main
C:   0000019B  Smain$Timer0_Delay$13              main
C:   0000019D  A$main$1224                        main
C:   0000019D  Smain$Timer0_Delay$14              main
C:   0000019E  A$main$1225                        main
C:   000001A1  A$main$1226                        main
C:   000001A2  A$main$1229                        main
C:   000001A2  Smain$Timer0_Delay$15              main
C:   000001A4  A$main$1235                        main
C:   000001A4  Smain$Timer0_Delay$16              main
C:   000001A4  Smain$Timer0_Delay$17              main
ASxxxx Linker V03.00 + NoICE + sdld,  page 30.
Hexadecimal  [32-Bits]

Area                                    Addr        Size        Decimal Bytes (Attributes)
--------------------------------        ----        ----        ------- ----- ------------
CSEG                                000000DD    00001CFC =        7420. bytes (REL,CON,CODE)

      Value  Global                              Global Defined In Module
      -----  --------------------------------   ------------------------
C:   000001A4  XG$Timer0_Delay$0$0                main
C:   000001A5  A$main$1249                        main
C:   000001A5  Smain$Timer0_Delay$18              main
C:   000001A5  Smain$uart_log$19                  main
C:   000001A5  Smain$uart_log$20                  main
C:   000001A5  _uart_log                          main
C:   000001A7  A$main$1250                        main
C:   000001AA  A$main$1251                        main
C:   000001AB  A$main$1254                        main
C:   000001AB  Smain$uart_log$21                  main
C:   000001AC  A$main$1255                        main
C:   000001AF  A$main$1256                        main
C:   000001B0  A$main$1257                        main
C:   000001B3  A$main$1258                        main
C:   000001B6  A$main$1261                        main
C:   000001B6  Smain$uart_log$22                  main
C:   000001B9  A$main$1262                        main
C:   000001BB  A$main$1263                        main
C:   000001BC  A$main$1264                        main
C:   000001BD  A$main$1265                        main
C:   000001BE  A$main$1266                        main
C:   000001BF  A$main$1267                        main
C:   000001C2  A$main$1268                        main
C:   000001C4  A$main$1269                        main
C:   000001C5  A$main$1270                        main
C:   000001C6  A$main$1271                        main
C:   000001C7  A$main$1272                        main
C:   000001C8  A$main$1273                        main
C:   000001CB  A$main$1274                        main
C:   000001CE  A$main$1275                        main
C:   000001D0  A$main$1276                        main
C:   000001D3  A$main$1281                        main
C:   000001D3  Smain$uart_log$23                  main
C:   000001D3  Smain$uart_log$24                  main
C:   000001D3  XG$uart_log$0$0                    main
C:   000001D4  A$main$1298                        main
C:   000001D4  Smain$uart_log$25                  main
C:   000001D4  Smain$uart_logn$26                 main
C:   000001D4  Smain$uart_logn$27                 main
C:   000001D4  _uart_logn                         main
C:   000001D6  A$main$1299                        main
C:   000001D8  A$main$1300                        main
C:   000001DA  A$main$1301                        main
C:   000001DB  A$main$1302                        main
C:   000001DE  A$main$1303                        main
C:   000001DF  A$main$1304                        main
C:   000001E0  A$main$1305                        main
C:   000001E1  A$main$1306                        main
C:   000001E2  A$main$1307                        main
C:   000001E3  A$main$1308                        main
C:   000001E4  A$main$1309                        main
ASxxxx Linker V03.00 + NoICE + sdld,  page 31.
Hexadecimal  [32-Bits]

Area                                    Addr        Size        Decimal Bytes (Attributes)
--------------------------------        ----        ----        ------- ----- ------------
CSEG                                000000DD    00001CFC =        7420. bytes (REL,CON,CODE)

      Value  Global                              Global Defined In Module
      -----  --------------------------------   ------------------------
C:   000001E5  A$main$1310                        main
C:   000001E6  A$main$1311                        main
C:   000001E7  A$main$1312                        main
C:   000001E8  A$main$1313                        main
C:   000001E9  A$main$1316                        main
C:   000001E9  Smain$uart_logn$28                 main
C:   000001EC  A$main$1317                        main
C:   000001ED  A$main$1318                        main
C:   000001EE  A$main$1319                        main
C:   000001EF  A$main$1320                        main
C:   000001F0  A$main$1321                        main
C:   000001F1  A$main$1322                        main
C:   000001F2  A$main$1323                        main
C:   000001F3  A$main$1324                        main
C:   000001F4  A$main$1325                        main
C:   000001F5  A$main$1326                        main
C:   000001F6  A$main$1327                        main
C:   000001F7  A$main$1328                        main
C:   000001FA  A$main$1329                        main
C:   000001FB  A$main$1330                        main
C:   000001FD  A$main$1331                        main
C:   000001FE  A$main$1332                        main
C:   000001FF  A$main$1333                        main
C:   00000201  A$main$1334                        main
C:   00000202  A$main$1335                        main
C:   00000203  A$main$1336                        main
C:   00000205  A$main$1337                        main
C:   00000206  A$main$1338                        main
C:   00000207  A$main$1339                        main
C:   00000209  A$main$1340                        main
C:   0000020B  A$main$1344                        main
C:   0000020B  Smain$uart_logn$29                 main
C:   0000020B  Smain$uart_logn$30                 main
C:   0000020E  A$main$1345                        main
C:   00000211  A$main$1348                        main
C:   00000211  Smain$uart_logn$31                 main
C:   00000214  A$main$1354                        main
C:   00000214  Smain$uart_logn$32                 main
C:   00000214  Smain$uart_logn$33                 main
C:   00000214  Smain$uart_logn$34                 main
C:   00000217  A$main$1355                        main
C:   00000219  A$main$1356                        main
C:   0000021A  A$main$1357                        main
C:   0000021B  A$main$1358                        main
C:   0000021C  A$main$1359                        main
C:   0000021D  A$main$1360                        main
C:   0000021E  A$main$1361                        main
C:   0000021F  A$main$1362                        main
C:   00000220  A$main$1363                        main
C:   00000221  A$main$1368                        main
C:   00000221  Smain$uart_logn$35                 main
ASxxxx Linker V03.00 + NoICE + sdld,  page 32.
Hexadecimal  [32-Bits]

Area                                    Addr        Size        Decimal Bytes (Attributes)
--------------------------------        ----        ----        ------- ----- ------------
CSEG                                000000DD    00001CFC =        7420. bytes (REL,CON,CODE)

      Value  Global                              Global Defined In Module
      -----  --------------------------------   ------------------------
C:   00000221  Smain$uart_logn$36                 main
C:   00000224  A$main$1369                        main
C:   00000225  A$main$1370                        main
C:   00000226  A$main$1371                        main
C:   00000227  A$main$1372                        main
C:   00000228  A$main$1373                        main
C:   00000229  A$main$1374                        main
C:   0000022A  A$main$1375                        main
C:   0000022B  A$main$1376                        main
C:   0000022C  A$main$1377                        main
C:   0000022D  A$main$1378                        main
C:   0000022E  A$main$1379                        main
C:   0000022F  A$main$1380                        main
C:   00000230  A$main$1381                        main
C:   00000231  A$main$1382                        main
C:   00000232  A$main$1383                        main
C:   00000233  A$main$1384                        main
C:   00000234  A$main$1385                        main
C:   00000235  A$main$1386                        main
C:   00000236  A$main$1387                        main
C:   00000237  A$main$1388                        main
C:   00000238  A$main$1389                        main
C:   0000023A  A$main$1391                        main
C:   0000023A  Smain$uart_logn$37                 main
C:   0000023D  A$main$1392                        main
C:   0000023E  A$main$1393                        main
C:   0000023F  A$main$1394                        main
C:   00000240  A$main$1395                        main
C:   00000241  A$main$1396                        main
C:   00000242  A$main$1397                        main
C:   00000243  A$main$1398                        main
C:   00000244  A$main$1399                        main
C:   00000245  A$main$1400                        main
C:   00000246  A$main$1401                        main
C:   00000247  A$main$1402                        main
C:   00000248  A$main$1403                        main
C:   0000024B  A$main$1404                        main
C:   0000024C  A$main$1405                        main
C:   0000024E  A$main$1406                        main
C:   00000250  A$main$1407                        main
C:   00000252  A$main$1408                        main
C:   00000254  A$main$1409                        main
C:   00000256  A$main$1410                        main
C:   00000259  A$main$1411                        main
C:   0000025B  A$main$1412                        main
C:   0000025D  A$main$1413                        main
C:   0000025F  A$main$1414                        main
C:   00000260  A$main$1415                        main
C:   00000262  A$main$1416                        main
C:   00000264  A$main$1417                        main
C:   00000266  A$main$1418                        main
ASxxxx Linker V03.00 + NoICE + sdld,  page 33.
Hexadecimal  [32-Bits]

Area                                    Addr        Size        Decimal Bytes (Attributes)
--------------------------------        ----        ----        ------- ----- ------------
CSEG                                000000DD    00001CFC =        7420. bytes (REL,CON,CODE)

      Value  Global                              Global Defined In Module
      -----  --------------------------------   ------------------------
C:   00000268  A$main$1419                        main
C:   0000026B  A$main$1420                        main
C:   0000026C  A$main$1421                        main
C:   0000026D  A$main$1422                        main
C:   0000026E  A$main$1423                        main
C:   0000026F  A$main$1424                        main
C:   00000270  A$main$1425                        main
C:   00000271  A$main$1426                        main
C:   00000272  A$main$1427                        main
C:   00000273  A$main$1428                        main
C:   00000274  A$main$1429                        main
C:   00000275  A$main$1430                        main
C:   00000276  A$main$1433                        main
C:   00000276  Smain$uart_logn$38                 main
C:   00000278  A$main$1435                        main
C:   0000027B  A$main$1436                        main
C:   0000027C  A$main$1437                        main
C:   0000027D  A$main$1438                        main
C:   0000027E  A$main$1439                        main
C:   0000027F  A$main$1440                        main
C:   00000280  A$main$1441                        main
C:   00000281  A$main$1442                        main
C:   00000282  A$main$1443                        main
C:   00000283  A$main$1444                        main
C:   00000284  A$main$1445                        main
C:   00000285  A$main$1446                        main
C:   00000286  A$main$1447                        main
C:   00000287  A$main$1448                        main
C:   00000289  A$main$1449                        main
C:   0000028A  A$main$1450                        main
C:   0000028B  A$main$1451                        main
C:   0000028C  A$main$1452                        main
C:   0000028D  A$main$1453                        main
C:   0000028E  A$main$1454                        main
C:   0000028F  A$main$1455                        main
C:   00000290  A$main$1456                        main
C:   00000292  A$main$1457                        main
C:   00000295  A$main$1461                        main
C:   00000295  Smain$uart_logn$39                 main
C:   00000298  A$main$1462                        main
C:   0000029A  A$main$1463                        main
C:   0000029B  A$main$1464                        main
C:   0000029C  A$main$1465                        main
C:   0000029D  A$main$1466                        main
C:   0000029E  A$main$1467                        main
C:   0000029F  A$main$1468                        main
C:   000002A0  A$main$1469                        main
C:   000002A1  A$main$1470                        main
C:   000002A2  A$main$1471                        main
C:   000002A4  A$main$1472                        main
C:   000002A6  A$main$1473                        main
ASxxxx Linker V03.00 + NoICE + sdld,  page 34.
Hexadecimal  [32-Bits]

Area                                    Addr        Size        Decimal Bytes (Attributes)
--------------------------------        ----        ----        ------- ----- ------------
CSEG                                000000DD    00001CFC =        7420. bytes (REL,CON,CODE)

      Value  Global                              Global Defined In Module
      -----  --------------------------------   ------------------------
C:   000002A8  A$main$1474                        main
C:   000002A9  A$main$1475                        main
C:   000002AC  A$main$1476                        main
C:   000002AE  A$main$1477                        main
C:   000002B0  A$main$1478                        main
C:   000002B2  A$main$1479                        main
C:   000002B3  A$main$1481                        main
C:   000002B3  Smain$uart_logn$40                 main
C:   000002B6  A$main$1482                        main
C:   000002B7  A$main$1483                        main
C:   000002B8  A$main$1484                        main
C:   000002B9  A$main$1485                        main
C:   000002BA  A$main$1486                        main
C:   000002BB  A$main$1487                        main
C:   000002BC  A$main$1488                        main
C:   000002BD  A$main$1489                        main
C:   000002BE  A$main$1490                        main
C:   000002BF  A$main$1491                        main
C:   000002C0  A$main$1492                        main
C:   000002C1  A$main$1496                        main
C:   000002C1  Smain$uart_logn$41                 main
C:   000002C1  Smain$uart_logn$42                 main
C:   000002C4  A$main$1497                        main
C:   000002C5  A$main$1498                        main
C:   000002C6  A$main$1499                        main
C:   000002C7  A$main$1500                        main
C:   000002C8  A$main$1501                        main
C:   000002C9  A$main$1502                        main
C:   000002CA  A$main$1503                        main
C:   000002CB  A$main$1504                        main
C:   000002CC  A$main$1505                        main
C:   000002CD  A$main$1506                        main
C:   000002CE  A$main$1507                        main
C:   000002CF  A$main$1508                        main
C:   000002D2  A$main$1509                        main
C:   000002D3  A$main$1510                        main
C:   000002D5  A$main$1511                        main
C:   000002D6  A$main$1512                        main
C:   000002D7  A$main$1513                        main
C:   000002D9  A$main$1514                        main
C:   000002DA  A$main$1515                        main
C:   000002DB  A$main$1516                        main
C:   000002DD  A$main$1517                        main
C:   000002DE  A$main$1518                        main
C:   000002DF  A$main$1519                        main
C:   000002E1  A$main$1521                        main
C:   000002E1  Smain$uart_logn$43                 main
C:   000002E4  A$main$1522                        main
C:   000002E5  A$main$1523                        main
C:   000002E6  A$main$1524                        main
C:   000002E7  A$main$1525                        main
ASxxxx Linker V03.00 + NoICE + sdld,  page 35.
Hexadecimal  [32-Bits]

Area                                    Addr        Size        Decimal Bytes (Attributes)
--------------------------------        ----        ----        ------- ----- ------------
CSEG                                000000DD    00001CFC =        7420. bytes (REL,CON,CODE)

      Value  Global                              Global Defined In Module
      -----  --------------------------------   ------------------------
C:   000002E8  A$main$1526                        main
C:   000002E9  A$main$1527                        main
C:   000002EA  A$main$1528                        main
C:   000002EB  A$main$1529                        main
C:   000002EC  A$main$1530                        main
C:   000002ED  A$main$1531                        main
C:   000002EE  A$main$1532                        main
C:   000002EF  A$main$1535                        main
C:   000002EF  Smain$uart_logn$44                 main
C:   000002F2  A$main$1536                        main
C:   000002F5  A$main$1537                        main
C:   000002F8  A$main$1538                        main
C:   000002FA  A$main$1539                        main
C:   000002FC  A$main$1540                        main
C:   000002FE  A$main$1541                        main
C:   00000300  A$main$1542                        main
C:   00000302  A$main$1543                        main
C:   00000305  A$main$1544                        main
C:   00000307  A$main$1545                        main
C:   00000309  A$main$1546                        main
C:   0000030A  A$main$1547                        main
C:   0000030C  A$main$1548                        main
C:   0000030F  A$main$1549                        main
C:   00000311  A$main$1550                        main
C:   00000313  A$main$1551                        main
C:   00000315  A$main$1552                        main
C:   00000317  A$main$1555                        main
C:   00000317  Smain$uart_logn$45                 main
C:   0000031A  A$main$1556                        main
C:   0000031B  A$main$1557                        main
C:   0000031C  A$main$1558                        main
C:   0000031D  A$main$1559                        main
C:   0000031E  A$main$1560                        main
C:   0000031F  A$main$1561                        main
C:   00000320  A$main$1562                        main
C:   00000321  A$main$1563                        main
C:   00000322  A$main$1564                        main
C:   00000323  A$main$1565                        main
C:   00000324  A$main$1566                        main
C:   00000325  A$main$1567                        main
C:   00000328  A$main$1568                        main
C:   0000032B  A$main$1569                        main
C:   0000032E  A$main$1570                        main
C:   00000330  A$main$1571                        main
C:   00000333  A$main$1572                        main
C:   00000335  A$main$1573                        main
C:   00000337  A$main$1574                        main
C:   00000339  A$main$1575                        main
C:   0000033A  A$main$1576                        main
C:   0000033D  A$main$1577                        main
C:   0000033E  A$main$1578                        main
ASxxxx Linker V03.00 + NoICE + sdld,  page 36.
Hexadecimal  [32-Bits]

Area                                    Addr        Size        Decimal Bytes (Attributes)
--------------------------------        ----        ----        ------- ----- ------------
CSEG                                000000DD    00001CFC =        7420. bytes (REL,CON,CODE)

      Value  Global                              Global Defined In Module
      -----  --------------------------------   ------------------------
C:   0000033F  A$main$1579                        main
C:   00000340  A$main$1580                        main
C:   00000341  A$main$1581                        main
C:   00000342  A$main$1582                        main
C:   00000343  A$main$1583                        main
[...]
C:   0000194D  A$uart$1216                        uart
C:   0000194E  A$uart$1217                        uart
C:   0000194F  A$uart$1218                        uart
C:   00001950  A$uart$1219                        uart
C:   00001951  A$uart$1220                        uart
C:   00001952  A$uart$1221                        uart
C:   00001954  A$uart$1222                        uart
C:   00001956  A$uart$1223                        uart
C:   00001958  A$uart$1224                        uart
C:   00001959  A$uart$1225                        uart
C:   0000195C  A$uart$1226                        uart
C:   0000195E  A$uart$1227                        uart
C:   00001960  A$uart$1228                        uart
C:   00001962  A$uart$1229                        uart
C:   00001963  A$uart$1230                        uart
C:   00001964  A$uart$1231                        uart
C:   00001965  A$uart$1232                        uart
C:   00001966  A$uart$1233                        uart
C:   00001967  A$uart$1234                        uart
C:   00001968  A$uart$1235                        uart
C:   00001969  A$uart$1236                        uart
C:   0000196A  A$uart$1237                        uart
ASxxxx Linker V03.00 + NoICE + sdld,  page 118.
Hexadecimal  [32-Bits]

Area                                    Addr        Size        Decimal Bytes (Attributes)
--------------------------------        ----        ----        ------- ----- ------------
CSEG                                000000DD    00001CFC =        7420. bytes (REL,CON,CODE)

      Value  Global                              Global Defined In Module
      -----  --------------------------------   ------------------------
C:   0000196C  A$uart$1238                        uart
C:   0000196D  A$uart$1239                        uart
C:   0000196E  A$uart$1240                        uart
C:   0000196F  A$uart$1241                        uart
C:   00001970  A$uart$1242                        uart
C:   00001971  A$uart$1243                        uart
C:   00001973  A$uart$1246                        uart
C:   00001973  Suart$UART_Open$27                 uart
C:   00001974  A$uart$1247                        uart
C:   00001975  A$uart$1248                        uart
C:   00001976  A$uart$1249                        uart
C:   00001977  A$uart$1250                        uart
C:   00001979  A$uart$1254                        uart
C:   00001979  Suart$UART_Open$28                 uart
C:   0000197B  A$uart$1255                        uart
C:   0000197D  A$uart$1257                        uart
C:   0000197F  A$uart$1258                        uart
C:   00001982  A$uart$1259                        uart
C:   00001985  A$uart$1260                        uart
C:   00001988  A$uart$1262                        uart
C:   0000198A  A$uart$1263                        uart
C:   0000198C  A$uart$1264                        uart
C:   0000198F  A$uart$1272                        uart
C:   0000198F  Suart$UART_Open$29                 uart
C:   0000198F  Suart$UART_Open$30                 uart
C:   0000198F  Suart$UART_Open$31                 uart
C:   0000198F  XG$UART_Open$0$0                   uart
C:   00001990  A$uart$1287                        uart
C:   00001990  Suart$Receive_Data$33              uart
C:   00001990  Suart$Receive_Data$34              uart
C:   00001990  Suart$UART_Open$32                 uart
C:   00001990  _Receive_Data                      uart
C:   00001992  A$uart$1288                        uart
C:   00001995  A$uart$1289                        uart
C:   00001996  A$uart$1292                        uart
C:   00001996  Suart$Receive_Data$35              uart
C:   00001999  A$uart$1293                        uart
C:   0000199A  A$uart$1294                        uart
C:   0000199B  A$uart$1297                        uart
C:   0000199B  Suart$Receive_Data$36              uart
C:   0000199E  A$uart$1298                        uart
C:   0000199F  A$uart$1299                        uart
C:   000019A0  A$uart$1300                        uart
C:   000019A2  A$uart$1304                        uart
C:   000019A2  Suart$Receive_Data$37              uart
C:   000019A2  Suart$Receive_Data$38              uart
C:   000019A5  A$uart$1305                        uart
C:   000019A7  A$uart$1307                        uart
C:   000019AA  A$uart$1310                        uart
C:   000019AA  Suart$Receive_Data$39              uart
C:   000019AD  A$uart$1311                        uart
ASxxxx Linker V03.00 + NoICE + sdld,  page 119.
Hexadecimal  [32-Bits]

Area                                    Addr        Size        Decimal Bytes (Attributes)
--------------------------------        ----        ----        ------- ----- ------------
CSEG                                000000DD    00001CFC =        7420. bytes (REL,CON,CODE)

      Value  Global                              Global Defined In Module
      -----  --------------------------------   ------------------------
C:   000019AF  A$uart$1312                        uart
C:   000019B0  A$uart$1316                        uart
C:   000019B0  Suart$Receive_Data$40              uart
C:   000019B2  A$uart$1321                        uart
C:   000019B2  Suart$Receive_Data$41              uart
C:   000019B2  Suart$Receive_Data$42              uart
C:   000019B4  A$uart$1323                        uart
C:   000019B7  A$uart$1326                        uart
C:   000019B7  Suart$Receive_Data$43              uart
C:   000019BA  A$uart$1327                        uart
C:   000019BC  A$uart$1328                        uart
C:   000019BD  A$uart$1332                        uart
C:   000019BD  Suart$Receive_Data$44              uart
C:   000019BF  A$uart$1339                        uart
C:   000019BF  Suart$Receive_Data$45              uart
C:   000019BF  Suart$Receive_Data$46              uart
C:   000019BF  Suart$Receive_Data$47              uart
C:   000019C2  A$uart$1340                        uart
C:   000019C3  A$uart$1345                        uart
C:   000019C3  Suart$Receive_Data$48              uart
C:   000019C3  Suart$Receive_Data$49              uart
C:   000019C3  XG$Receive_Data$0$0                uart
C:   000019C5  A$uart$1346                        uart
C:   000019C6  A$uart$1361                        uart
C:   000019C6  Suart$Receive_Data$50              uart
C:   000019C6  Suart$UART_Send_Data$51            uart
C:   000019C6  Suart$UART_Send_Data$52            uart
C:   000019C6  _UART_Send_Data                    uart
C:   000019C8  A$uart$1362                        uart
C:   000019CB  A$uart$1363                        uart
C:   000019CC  A$uart$1366                        uart
C:   000019CC  Suart$UART_Send_Data$53            uart
C:   000019CF  A$uart$1369                        uart
C:   000019CF  Suart$UART_Send_Data$54            uart
C:   000019D2  A$uart$1370                        uart
C:   000019D3  A$uart$1371                        uart
C:   000019D4  A$uart$1372                        uart
C:   000019D6  A$uart$1376                        uart
C:   000019D6  Suart$UART_Send_Data$55            uart
C:   000019D6  Suart$UART_Send_Data$56            uart
C:   000019D9  A$uart$1377                        uart
C:   000019DB  A$uart$1381                        uart
C:   000019DB  Suart$UART_Send_Data$57            uart
C:   000019DE  A$uart$1382                        uart
C:   000019DF  A$uart$1383                        uart
C:   000019E1  A$uart$1390                        uart
C:   000019E1  Suart$UART_Send_Data$58            uart
C:   000019E1  Suart$UART_Send_Data$59            uart
C:   000019E4  A$uart$1395                        uart
C:   000019E4  Suart$UART_Send_Data$60            uart
C:   000019E4  Suart$UART_Send_Data$61            uart
ASxxxx Linker V03.00 + NoICE + sdld,  page 120.
Hexadecimal  [32-Bits]

Area                                    Addr        Size        Decimal Bytes (Attributes)
--------------------------------        ----        ----        ------- ----- ------------
CSEG                                000000DD    00001CFC =        7420. bytes (REL,CON,CODE)

      Value  Global                              Global Defined In Module
      -----  --------------------------------   ------------------------
C:   000019E6  A$uart$1399                        uart
C:   000019E6  Suart$UART_Send_Data$62            uart
C:   000019E9  A$uart$1400                        uart
C:   000019EA  A$uart$1401                        uart
C:   000019EC  A$uart$1408                        uart
C:   000019EC  Suart$UART_Send_Data$63            uart
C:   000019EC  Suart$UART_Send_Data$64            uart
C:   000019EF  A$uart$1409                        uart
C:   000019F1  A$uart$1417                        uart
C:   000019F1  Suart$UART_Send_Data$65            uart
C:   000019F1  Suart$UART_Send_Data$66            uart
C:   000019F1  Suart$UART_Send_Data$67            uart
C:   000019F4  A$uart$1422                        uart
C:   000019F4  Suart$UART_Send_Data$68            uart
C:   000019F4  Suart$UART_Send_Data$69            uart
C:   000019F4  XG$UART_Send_Data$0$0              uart
C:   000019F5  A$uart$1436                        uart
C:   000019F5  Suart$Enable_UART0_VCOM_printf_2   uart
C:   000019F5  Suart$Enable_UART0_VCOM_printf_2   uart
C:   000019F5  Suart$Enable_UART0_VCOM_printf_2   uart
C:   000019F5  Suart$UART_Send_Data$70            uart
C:   000019F5  _Enable_UART0_VCOM_printf_24M_11   uart
C:   000019F8  A$uart$1437                        uart
C:   000019FB  A$uart$1440                        uart
C:   000019FB  Suart$Enable_UART0_VCOM_printf_2   uart
C:   000019FE  A$uart$1441                        uart
C:   000019FF  A$uart$1442                        uart
C:   00001A00  A$uart$1443                        uart
C:   00001A03  A$uart$1444                        uart
C:   00001A04  A$uart$1445                        uart
C:   00001A06  A$uart$1446                        uart
C:   00001A07  A$uart$1447                        uart
C:   00001A08  A$uart$1448                        uart
C:   00001A0A  A$uart$1449                        uart
C:   00001A0B  A$uart$1450                        uart
C:   00001A0C  A$uart$1451                        uart
C:   00001A0D  A$uart$1452                        uart
C:   00001A0E  A$uart$1453                        uart
C:   00001A0F  A$uart$1454                        uart
C:   00001A12  A$uart$1455                        uart
C:   00001A15  A$uart$1456                        uart
C:   00001A17  A$uart$1457                        uart
C:   00001A1A  A$uart$1461                        uart
C:   00001A1A  Suart$Enable_UART0_VCOM_printf_2   uart
C:   00001A1C  A$uart$1463                        uart
C:   00001A1E  A$uart$1467                        uart
C:   00001A1E  Suart$Enable_UART0_VCOM_printf_2   uart
C:   00001A20  A$uart$1472                        uart
C:   00001A20  Suart$Enable_UART0_VCOM_printf_2   uart
C:   00001A20  Suart$Enable_UART0_VCOM_printf_2   uart
C:   00001A20  XG$Enable_UART0_VCOM_printf_24M_   uart
ASxxxx Linker V03.00 + NoICE + sdld,  page 121.
Hexadecimal  [32-Bits]

Area                                    Addr        Size        Decimal Bytes (Attributes)
--------------------------------        ----        ----        ------- ----- ------------
CSEG                                000000DD    00001CFC =        7420. bytes (REL,CON,CODE)

      Value  Global                              Global Defined In Module
      -----  --------------------------------   ------------------------
C:   00001A21  Suart$Enable_UART0_VCOM_printf_2   uart
C:   00001A21  __modulong                         _modulong
C:   00001B61  __divulong                         _divulong
C:   00001C55  __mullong                          _mullong
C:   00001C55  __mullong_dummy                    _mullong
C:   00001CC1  __modsint                          _modsint
C:   00001D29  __moduint                          _moduint
C:   00001DD5  __sdcc_external_startup            _startup

ASxxxx Linker V03.00 + NoICE + sdld,  page 122.
Hexadecimal  [32-Bits]

Area                                    Addr        Size        Decimal Bytes (Attributes)
--------------------------------        ----        ----        ------- ----- ------------
CONST                               00001DD9    00000034 =          52. bytes (REL,CON,CODE)

      Value  Global                              Global Defined In Module
      -----  --------------------------------   ------------------------
C:   00001DD9  G$max_amp$0_0$0                    main
C:   00001DD9  _max_amp                           main
C:   00001DED  G$min_amp$0_0$0                    main
C:   00001DED  _min_amp                           main
C:   00001DEF  G$flashing$0_0$0                   main
C:   00001DEF  _flashing                          main
C:   00001DF9  G$temp_controlling$0_0$0           main
C:   00001DF9  _temp_controlling                  main
C:   00001E03  G$next_mode$0_0$0                  main
C:   00001E03  _next_mode                         main

ASxxxx Linker V03.00 + NoICE + sdld,  page 123.
Hexadecimal  [32-Bits]

Area                                    Addr        Size        Decimal Bytes (Attributes)
--------------------------------        ----        ----        ------- ----- ------------
XINIT                               00001E0D    00000036 =          54. bytes (REL,CON,CODE)

      Value  Global                              Global Defined In Module
      -----  --------------------------------   ------------------------
C:   00001E0D  Fmain$__xinit_light_mode$0_0$0     main
C:   00001E0E  Fmain$__xinit_is_uart_mode$0_0$0   main
C:   00001E0F  Fmain$__xinit_flashing_on$0_0$0    main
C:   00001E10  Fmain$__xinit_flashing_count$0_0   main
C:   00001E12  Fmain$__xinit_pwm$0_0$0            main
C:   00001E16  Fmain$__xinit_light_control_mode   main
C:   00001E18  Fmain$__xinit_sample_count$0_0$0   main
C:   00001E19  Fmain$__xinit_acc_amp$0_0$0        main
C:   00001E21  Fmain$__xinit_acc_temp$0_0$0       main
C:   00001E25  Fmain$__xinit_cur_amp$0_0$0        main
C:   00001E29  Fmain$__xinit_cur_temp$0_0$0       main
C:   00001E2B  Fmain$__xinit_good_amp_count$0_0   main
C:   00001E2D  Fmain$__xinit_uart1_next_idx$0_0   main
C:   00001E2E  Fmain$__xinit_uart1_read_idx$0_0   main
C:   00001E2F  Fmain$__xinit_uart_flag$0_0$0      main
C:   00001E30  Fmain$__xinit_button_pressed$0_0   main
C:   00001E34  Fmain$__xinit_button_unpressed$0   main
C:   00001E38  Fmain$__xinit_uart_counter$0_0$0   main
C:   00001E3C  Fmain$__xinit_uart_rx_state$0_0$   main
C:   00001E3D  Fmain$__xinit_lamp_state$0_0$0     main
C:   00001E3E  Fmain$__xinit_log_counter$0_0$0    main
C:   00001E42  Fmain$__xinit_wdt_flag$0_0$0       main

ASxxxx Linker V03.00 + NoICE + sdld,  page 124.
Hexadecimal  [32-Bits]

Area                                    Addr        Size        Decimal Bytes (Attributes)
--------------------------------        ----        ----        ------- ----- ------------
.debug_line                         00000000    000013E5 =        5093. bytes (REL,CON)

      Value  Global                              Global Defined In Module
      -----  --------------------------------   ------------------------
ASxxxx Linker V03.00 + NoICE + sdld,  page 125.
Hexadecimal  [32-Bits]

Area                                    Addr        Size        Decimal Bytes (Attributes)
--------------------------------        ----        ----        ------- ----- ------------
.debug_loc                          00000000    000003AC =         940. bytes (REL,CON)

      Value  Global                              Global Defined In Module
      -----  --------------------------------   ------------------------
ASxxxx Linker V03.00 + NoICE + sdld,  page 126.
Hexadecimal  [32-Bits]

Area                                    Addr        Size        Decimal Bytes (Attributes)
--------------------------------        ----        ----        ------- ----- ------------
.debug_abbrev                       00000000    000002EB =         747. bytes (REL,CON)

      Value  Global                              Global Defined In Module
      -----  --------------------------------   ------------------------
ASxxxx Linker V03.00 + NoICE + sdld,  page 127.
Hexadecimal  [32-Bits]

Area                                    Addr        Size        Decimal Bytes (Attributes)
--------------------------------        ----        ----        ------- ----- ------------
.debug_info                         00000000    00006650 =       26192. bytes (REL,CON)

      Value  Global                              Global Defined In Module
      -----  --------------------------------   ------------------------
ASxxxx Linker V03.00 + NoICE + sdld,  page 128.
Hexadecimal  [32-Bits]

Area                                    Addr        Size        Decimal Bytes (Attributes)
--------------------------------        ----        ----        ------- ----- ------------
.debug_pubnames                     00000000    00002F82 =       12162. bytes (REL,CON)

      Value  Global                              Global Defined In Module
      -----  --------------------------------   ------------------------
ASxxxx Linker V03.00 + NoICE + sdld,  page 129.
Hexadecimal  [32-Bits]

Area                                    Addr        Size        Decimal Bytes (Attributes)
--------------------------------        ----        ----        ------- ----- ------------
.debug_frame                        00000000    00000814 =        2068. bytes (REL,CON)

      Value  Global                              Global Defined In Module
      -----  --------------------------------   ------------------------
ASxxxx Linker V03.00 + NoICE + sdld,  page 130.

Files Linked                              [ module(s) ]

./User/main.rel                           [  ]
./Library/common.rel                      [  ]
./Library/sdcc_stdio.rel                  [  ]
./Library/sys.rel                         [  ]
./Library/uart.rel                        [  ]


Libraries Linked                          [ object file ]

C:/Program Files (x86)/Nuvoton Tools/OpenOCD/bin/../../Toolchain/SDCC/lib/large/liblong.lib
                                          [ _modulong.rel ]
C:/Program Files (x86)/Nuvoton Tools/OpenOCD/bin/../../Toolchain/SDCC/lib/large/liblong.lib
                                          [ _divulong.rel ]
C:/Program Files (x86)/Nuvoton Tools/OpenOCD/bin/../../Toolchain/SDCC/lib/large/mcs51.lib
                                          [ crtclear.rel ]
C:/Program Files (x86)/Nuvoton Tools/OpenOCD/bin/../../Toolchain/SDCC/lib/large/mcs51.lib
                                          [ crtxinit.rel ]
C:/Program Files (x86)/Nuvoton Tools/OpenOCD/bin/../../Toolchain/SDCC/lib/large/liblong.lib
                                          [ _mullong.rel ]
C:/Program Files (x86)/Nuvoton Tools/OpenOCD/bin/../../Toolchain/SDCC/lib/large/libint.lib
                                          [ _modsint.rel ]
C:/Program Files (x86)/Nuvoton Tools/OpenOCD/bin/../../Toolchain/SDCC/lib/large/libint.lib
                                          [ _moduint.rel ]
C:/Program Files (x86)/Nuvoton Tools/OpenOCD/bin/../../Toolchain/SDCC/lib/large/mcs51.lib
                                          [ crtxclear.rel ]
C:/Program Files (x86)/Nuvoton Tools/OpenOCD/bin/../../Toolchain/SDCC/lib/large/mcs51.lib
                                          [ crtpagesfr.rel ]
C:/Program Files (x86)/Nuvoton Tools/OpenOCD/bin/../../Toolchain/SDCC/lib/large/mcs51.lib
                                          [ crtstart.rel ]
C:/Program Files (x86)/Nuvoton Tools/OpenOCD/bin/../../Toolchain/SDCC/lib/large/libsdcc.lib
                                          [ _startup.rel ]

ASxxxx Linker V03.00 + NoICE + sdld,  page 131.

User Base Address Definitions

HOME = 0x0000
XSEG = 0x0001
PSEG = 0x0001
ISEG = 0x0080
BSEG = 0x0000

